../Core/Src/st7735.c:399:6:lcd7735_senddata	16	static
../Core/Src/st7735.c:388:6:lcd7735_sendCmd	8	static
../Core/Src/st7735.c:380:6:ST7735_InvertColors	16	static
../Core/Src/st7735.c:394:6:lcd7735_sendData	8	static
../Core/Src/st7735.c:47:6:ST7735_Init_Command1	8	static
../Core/Src/st7735.c:94:6:ST7735_Init_Command2	8	static
../Core/Src/st7735.c:108:6:ST7735_Init_Command3	8	static
../Core/Src/st7735.c:28:6:ST7735_Init	8	static
../Core/Src/st7735.c:13:13:ST7735_SetAddressWindow	24	static
../Core/Src/st7735.c:173:6:ST7735_DrawPixel	16	static
../Core/Src/st7735.c:151:6:ST7735_PlotPoint	16	static
../Core/Src/st7735.c:278:6:ST7735_DrawFastHLine	24	static
../Core/Src/st7735.c:294:6:ST7735_DrawFastVLine	24	static
../Core/Src/st7735.c:165:6:ST7735_PlotIncrement	0	static
../Core/Src/st7735.c:310:6:ST7735_FillRectangle.part.0	24	static
../Core/Src/st7735.c:310:6:ST7735_FillRectangle	8	static
../Core/Src/st7735.c:201:6:ST7735_DrawCharS	72	static
../Core/Src/st7735.c:188:10:ST7735_DrawString	40	static
../Core/Src/st7735.c:234:6:ST7735_Drawaxes	48	static
../Core/Src/st7735.c:328:6:ST7735_FillScreen	16	static
../Core/Src/st7735.c:331:6:ST7735_DrawImage	40	static
