../Core/Src/st7735.c:378:6:lcd7735_senddata	16	static
../Core/Src/st7735.c:367:6:lcd7735_sendCmd	8	static
../Core/Src/st7735.c:359:6:ST7735_InvertColors	16	static
../Core/Src/st7735.c:373:6:lcd7735_sendData	8	static
../Core/Src/st7735.c:20:6:ST7735_SetAddressWindow	24	static
../Core/Src/st7735.c:323:6:ST7735_FillRectangle.part.0	32	static
../Core/Src/st7735.c:323:6:ST7735_FillRectangle	8	static
../Core/Src/st7735.c:346:6:ST7735_FillScreen	16	static
../Core/Src/st7735.c:350:6:printimage	32	static
../Core/Src/st7735.c:208:6:ST7735_DrawCharS	24	static
../Core/Src/st7735.c:195:10:ST7735_DrawString	40	static
../Core/Src/st7735.c:54:6:ST7735_Init_Command1	8	static
../Core/Src/st7735.c:101:6:ST7735_Init_Command2	8	static
../Core/Src/st7735.c:115:6:ST7735_Init_Command3	8	static
../Core/Src/st7735.c:35:6:ST7735_Init	8	static
../Core/Src/st7735.c:180:6:ST7735_DrawPixel	16	static
../Core/Src/st7735.c:158:6:ST7735_PlotPoint	16	static
../Core/Src/st7735.c:291:6:ST7735_DrawFastHLine	24	static
../Core/Src/st7735.c:307:6:ST7735_DrawFastVLine	24	static
../Core/Src/st7735.c:172:6:ST7735_PlotIncrement	0	static
../Core/Src/st7735.c:247:6:ST7735_Drawaxes	48	static
